******************************************************************************
TMS320C3x/4x COFF Linker                Version 5.11                   
******************************************************************************
>> Linked Thu Sep 17 04:53:27 2015

OUTPUT FILE NAME:   <main.out>
ENTRY POINT SYMBOL: "_c_int00"  address: 00802e5d


MEMORY CONFIGURATION

           name     origin    length      used    attributes    fill
         --------  --------  ---------  --------  ----------  --------
         FROM      00400000  000080000  00000400     RWIX      
         IRAM0     00800000  000008000  000072bf     RWIX      


SECTION ALLOCATION MAP

 output                                  attributes/
section   page    origin      length       input sections
--------  ----  ----------  ----------   ----------------
.text      0    00800000    00003a46     
                  00800000    00000001     start.obj (.text)
                  00800001    00000000     rts30.lib : mpyld.obj (.text)
                  00800001    00000000               : ctype.obj (.text)
                  00800001    0000006d     debug3x.obj (.text)
                  0080006e    000003f2     xr16l784.obj (.text)
                  00800460    0000007d     en29lv040.obj (.text)
                  008004dd    00000a96     LonInfo.obj (.text)
                  00800f73    00000925     MpuDebug.obj (.text)
                  00801898    00001038     user.obj (.text)
                  008028d0    0000058b     main.obj (.text)
                  00802e5b    0000001b     rts30.lib : boot.obj (.text)
                  00802e76    00000025               : divi.obj (.text)
                  00802e9b    00000033               : divu.obj (.text)
                  00802ece    00000022               : modi.obj (.text)
                  00802ef0    0000002a               : modu.obj (.text)
                  00802f1a    00000026               : exit.obj (.text)
                  00802f40    0000001d               : memcpy.obj (.text)
                  00802f5d    00000010               : memset.obj (.text)
                  00802f6d    00000041               : sprintf.obj (.text)
                  00802fae    00000010               : strcat.obj (.text)
                  00802fbe    0000000d               : strcpy.obj (.text)
                  00802fcb    0000000d               : strlen.obj (.text)
                  00802fd8    00000019               : strncmp.obj (.text)
                  00802ff1    00000019               : strncpy.obj (.text)
                  0080300a    00000042               : vsprintf.obj (.text)
                  0080304c    0000067c               : _printfi.obj (.text)
                  008036c8    0000003f               : atoi.obj (.text)
                  00803707    0000007d               : ecvt.obj (.text)
                  00803784    00000082               : fcvt.obj (.text)
                  00803806    0000002b               : ltoa.obj (.text)
                  00803831    00000015               : memccpy.obj (.text)
                  00803846    000001ca               : memory.obj (.text)
                  00803a10    00000019               : strncat.obj (.text)
                  00803a29    0000000e               : mpyi.obj (.text)
                  00803a37    0000000f               : mpyld.obj (.text:flt40)

.cinit     0    00803a46    00000426     
                  00803a46    0000000e     debug3x.obj (.cinit)
                  00803a54    00000097     xr16l784.obj (.cinit)
                  00803aeb    00000003     en29lv040.obj (.cinit)
                  00803aee    0000002d     LonInfo.obj (.cinit)
                  00803b1b    00000050     MpuDebug.obj (.cinit)
                  00803b6b    00000074     user.obj (.cinit)
                  00803bdf    00000142     main.obj (.cinit)
                  00803d21    00000009     rts30.lib : exit.obj (.cinit)
                  00803d2a    00000003               : memcpy.obj (.cinit)
                  00803d2d    00000004               : sprintf.obj (.cinit)
                  00803d31    00000003               : strncmp.obj (.cinit)
                  00803d34    00000003               : strncpy.obj (.cinit)
                  00803d37    00000004               : vsprintf.obj (.cinit)
                  00803d3b    0000000f               : _printfi.obj (.cinit)
                  00803d4a    00000003               : atoi.obj (.cinit)
                  00803d4d    00000103               : ctype.obj (.cinit)
                  00803e50    00000006               : ecvt.obj (.cinit)
                  00803e56    00000006               : fcvt.obj (.cinit)
                  00803e5c    0000000c               : memory.obj (.cinit)
                  00803e68    00000003               : strncat.obj (.cinit)
                  00803e6b    00000001     --HOLE-- [fill = 00000000]

.const     0    00803e6c    00000c32     
                  00803e6c    00000000     debug3x.obj (.const)
                  00803e6c    00000000     rts30.lib : strncat.obj (.const)
                  00803e6c    00000000               : memory.obj (.const)
                  00803e6c    00000000               : fcvt.obj (.const)
                  00803e6c    00000000               : ecvt.obj (.const)
                  00803e6c    00000000               : atoi.obj (.const)
                  00803e6c    00000000               : vsprintf.obj (.const)
                  00803e6c    00000000               : strncpy.obj (.const)
                  00803e6c    00000000               : strncmp.obj (.const)
                  00803e6c    00000000               : sprintf.obj (.const)
                  00803e6c    00000000               : memcpy.obj (.const)
                  00803e6c    00000000               : exit.obj (.const)
                  00803e6c    00000000     en29lv040.obj (.const)
                  00803e6c    00000000     xr16l784.obj (.const)
                  00803e6c    000001b7     LonInfo.obj (.const)
                  00804023    000008ed     MpuDebug.obj (.const)
                  00804910    00000129     user.obj (.const)
                  00804a39    0000003b     main.obj (.const)
                  00804a74    0000002a     rts30.lib : _printfi.obj (.const)

.data      0    00800000    00000000     UNINITIALIZED
                  00800000    00000000     start.obj (.data)
                  00800000    00000000     rts30.lib : mpyld.obj (.data)
                  00800000    00000000               : mpyi.obj (.data)
                  00800000    00000000               : strncat.obj (.data)
                  00800000    00000000               : memory.obj (.data)
                  00800000    00000000               : memccpy.obj (.data)
                  00800000    00000000               : ltoa.obj (.data)
                  00800000    00000000               : fcvt.obj (.data)
                  00800000    00000000               : ecvt.obj (.data)
                  00800000    00000000               : ctype.obj (.data)
                  00800000    00000000               : atoi.obj (.data)
                  00800000    00000000               : _printfi.obj (.data)
                  00800000    00000000               : vsprintf.obj (.data)
                  00800000    00000000               : strncpy.obj (.data)
                  00800000    00000000               : strncmp.obj (.data)
                  00800000    00000000               : strlen.obj (.data)
                  00800000    00000000               : strcpy.obj (.data)
                  00800000    00000000               : strcat.obj (.data)
                  00800000    00000000               : sprintf.obj (.data)
                  00800000    00000000               : memset.obj (.data)
                  00800000    00000000               : memcpy.obj (.data)
                  00800000    00000000               : exit.obj (.data)
                  00800000    00000000               : modu.obj (.data)
                  00800000    00000000               : modi.obj (.data)
                  00800000    00000000               : divu.obj (.data)
                  00800000    00000000               : divi.obj (.data)
                  00800000    00000000               : boot.obj (.data)
                  00800000    00000000     main.obj (.data)
                  00800000    00000000     user.obj (.data)
                  00800000    00000000     MpuDebug.obj (.data)
                  00800000    00000000     LonInfo.obj (.data)
                  00800000    00000000     en29lv040.obj (.data)
                  00800000    00000000     xr16l784.obj (.data)
                  00800000    00000000     debug3x.obj (.data)

.stack     0    00804a9e    00000d00     UNINITIALIZED
                  00804a9e    00000000     rts30.lib : boot.obj (.stack)

.bss       0    0080579e    00001b21     UNINITIALIZED
                  0080579e    00000000     start.obj (.bss)
                  0080579e    00000000     rts30.lib : mpyld.obj (.bss)
                  0080579e    00000000               : mpyi.obj (.bss)
                  0080579e    00000000               : memccpy.obj (.bss)
                  0080579e    00000000               : ltoa.obj (.bss)
                  0080579e    00000000               : strlen.obj (.bss)
                  0080579e    00000000               : strcpy.obj (.bss)
                  0080579e    00000000               : strcat.obj (.bss)
                  0080579e    00000000               : memset.obj (.bss)
                  0080579e    00000000               : modu.obj (.bss)
                  0080579e    00000000               : modi.obj (.bss)
                  0080579e    00000000               : divu.obj (.bss)
                  0080579e    00000000               : divi.obj (.bss)
                  0080579e    00000000               : boot.obj (.bss)
                  0080579e    0000000e     debug3x.obj (.bss)
                  008057ac    00000999     xr16l784.obj (.bss)
                  00806145    00000001     en29lv040.obj (.bss)
                  00806146    00000425     LonInfo.obj (.bss)
                  0080656b    0000014a     MpuDebug.obj (.bss)
                  008066b5    00000849     user.obj (.bss)
                  00806efe    00000130     main.obj (.bss)
                  0080702e    00000023     rts30.lib : exit.obj (.bss)
                  00807051    00000001               : memcpy.obj (.bss)
                  00807052    00000003               : sprintf.obj (.bss)
                  00807055    00000001               : strncmp.obj (.bss)
                  00807056    00000001               : strncpy.obj (.bss)
                  00807057    00000002               : vsprintf.obj (.bss)
                  00807059    0000008d               : _printfi.obj (.bss)
                  008070e6    00000001               : atoi.obj (.bss)
                  008070e7    00000101               : ctype.obj (.bss)
                  008071e8    00000068               : ecvt.obj (.bss)
                  00807250    00000068               : fcvt.obj (.bss)
                  008072b8    00000006               : memory.obj (.bss)
                  008072be    00000001               : strncat.obj (.bss)

.sysmem    0    00400000    00000400     UNINITIALIZED
                  00400000    00000001     rts30.lib : memory.obj (.sysmem)


GLOBAL SYMBOLS

address  name                             address  name
-------- ----                             -------- ----
0080579e .bss                             00000400 __SYSMEM_SIZE
00800000 .data                            00000d00 __STACK_SIZE
00800000 .text                            00400000 __sys_memory
00802f28 C$$EXIT                          00800000 .data
00802e76 DIV_I30                          00800000 ___text__
00802e9b DIV_U30                          00800000 .text
00802ece MOD_I30                          00800000 ___edata__
00802ef0 MOD_U30                          00800000 edata
00803a29 MPY_I30                          00800000 ___data__
00803a37 MPY_LD                           00800001 _c_int06
0080294f _BCD_BIN                         00800047 _Debug3xInit
00801ca9 _BitSwap                         0080006e _xr16l784_Init
0080216b _ClearFltBlkInfo                 008000a1 _xr16l784_Rts
008029d6 _ConvAsc2Dec                     008000be _xr16l784_RtsDelayStartSend
0080296e _ConvAsc2Hex                     008000f5 _xr16l784_Send
00802a06 _ConvDec2Hex                     008001df _xr16l784_GetRxBuffer
008029ed _ConvHex2Asc                     0080023b _xr16l784_GetRxBuffer1Ch
00800047 _Debug3xInit                     00800261 _xr16l784_GetRxBuffer2Ch
00800f73 _DebugLoop                       00800287 _xr16l784_GetRxBuffer3Ch
0080188d _Debug_1msLoop                   008002ad _xr16l784_GetRxBuffer4Ch
00802a4a _Dec2Str                         008002d3 _xr16l784_Isr
00802d71 _Delay                           008003d4 _xr16l784_Loop
0080292d _DspInit                         008003da _xr16l784_1msLoop
00802b6f _FirmwareVersionStrCmp           00800460 _en29_Init
00802992 _FunConvAscHex                   00800466 _en29_AllErase
00802a19 _FunConvHexAsc                   0080048b _en29_SectorErase
00802873 _GetDaysOfMonth                  008004b1 _en29_WriteByte
00802b8b _GetFirmwareVersion              008004d0 _en29_ReadByte
0080219e _GetFltBlkInfo                   008004dd _LonWorkLoop
008021af _GetFltBlkStPos                  008005fe _LonWorkRead
008027bc _GetLocalTimeToUTC               00800e23 _LonWorkRx
00802c44 _IsBccOk                         00800ec8 _LonWorkTx
0080284e _IsLeapYear                      00800ee4 _LonInfo_1msLoop
008029c6 _IsNumAsc                        00800f73 _DebugLoop
00800ee4 _LonInfo_1msLoop                 0080188d _Debug_1msLoop
008004dd _LonWorkLoop                     00801898 _user_Init
008005fe _LonWorkRead                     00801ad7 _user_Variable_Init
00800e23 _LonWorkRx                       00801b8e _user_Loop
00800ec8 _LonWorkTx                       00801b99 _user_Lic2LicLoop
00802c0f _Make1ByteBcc                    00801c4d _user_IsSingleOrMarried
00802c26 _MakeBcc                         00801c54 _user_DebugRx
00802b4f _MyPrintf                        00801c60 _user_DebugPrint
0080218a _SetFltBlkEdInfo                 00801c71 _user_CncsRx
00802179 _SetFltBlkStPos                  00801c7d _user_CncsTx
00802af7 _StrCat                          00801c8d _user_PacRx
00802b32 _StrCmp                          00801c99 _user_PacTx
00802b1f _StrCpy                          00801ca9 _BitSwap
00802b0f _StrLen                          00801d0e _user_WithCncsRs232Loop
00000d00 __STACK_SIZE                     0080216b _ClearFltBlkInfo
00000400 __SYSMEM_SIZE                    00802179 _SetFltBlkStPos
0080579e ___bss__                         0080218a _SetFltBlkEdInfo
00803a46 ___cinit__                       0080219e _GetFltBlkInfo
00800000 ___data__                        008021af _GetFltBlkStPos
00800000 ___edata__                       008021c3 _user_FaultDataTx
008072bf ___end__                         00802299 _user_FtpEnd_CarNumFun
00803a46 ___etext__                       008022a7 _user_WithPacRs485Loop
ffffffff ___pinit__                       008027bc _GetLocalTimeToUTC
00800000 ___text__                        0080284e _IsLeapYear
0080702f __cleanup_ptr                    00802873 _GetDaysOfMonth
008070e7 __ctypes_                        008028a5 _user_CarNoForCarKindToLon
0080579f __glDebugAddr                    008028ad _user_1msLoop
0080579e __glDebugData                    008028d0 _main
0080304c __printfi                        0080292d _DspInit
00804a9e __stack                          0080294f _BCD_BIN
00400000 __sys_memory                     0080296e _ConvAsc2Hex
00802f3f _abort                           00802992 _FunConvAscHex
00802f2a _atexit                          008029c6 _IsNumAsc
008036c8 _atoi                            008029d6 _ConvAsc2Dec
008036fc _atol                            008029ed _ConvHex2Asc
008039be _bmalloc                         00802a06 _ConvDec2Hex
00802e5d _c_int00                         00802a19 _FunConvHexAsc
00802d87 _c_int02                         00802a4a _Dec2Str
00802dc4 _c_int03                         00802af7 _StrCat
00800001 _c_int06                         00802b0f _StrLen
00802e01 _c_int10                         00802b1f _StrCpy
008038d4 _calloc                          00802b32 _StrCmp
00802c7b _crc16_ccitt                     00802b4f _MyPrintf
00806bba _d_CI_Fault                      00802b6f _FirmwareVersionStrCmp
00806bbb _d_CI_Index                      00802b8b _GetFirmwareVersion
00806cec _d_MDSFaulgTestBuf               00802c0f _Make1ByteBcc
00803707 _ecvt                            00802c26 _MakeBcc
00800466 _en29_AllErase                   00802c44 _IsBccOk
00800460 _en29_Init                       00802c7b _crc16_ccitt
008004d0 _en29_ReadByte                   00802c99 _gm_SysTimeToRtc
0080048b _en29_SectorErase                00802d71 _Delay
008004b1 _en29_WriteByte                  00802d87 _c_int02
00802f1a _exit                            00802dc4 _c_int03
00803784 _fcvt                            00802e01 _c_int10
0080395a _free                            00802e5d _c_int00
00802c99 _gm_SysTimeToRtc                 00802e76 DIV_I30
00803806 _ltoa                            00802e9b DIV_U30
00806cf6 _m_Variable                      00802ece MOD_I30
00806ffe _m_nDebug1msTimer                00802ef0 MOD_U30
00806fff _m_nDebugCnt                     00802f1a _exit
008057b4 _m_nXr16l784RxFront1             00802f28 C$$EXIT
008057be _m_nXr16l784RxFront2             00802f2a _atexit
008057c8 _m_nXr16l784RxFront3             00802f3f _abort
008057d2 _m_nXr16l784RxFront4             00802f40 _memcpy
008057b2 _m_nXr16l784RxLen1               00802f5d _memset
008057bc _m_nXr16l784RxLen2               00802f6d _sprintf
008057c6 _m_nXr16l784RxLen3               00802fae _strcat
008057d0 _m_nXr16l784RxLen4               00802fbe _strcpy
008057b3 _m_nXr16l784RxRear1              00802fcb _strlen
008057bd _m_nXr16l784RxRear2              00802fd8 _strncmp
008057c7 _m_nXr16l784RxRear3              00802ff1 _strncpy
008057d1 _m_nXr16l784RxRear4              0080300a _vsprintf
008057b5 _m_nXr16l784TxEnableDly1         0080304c __printfi
008057bf _m_nXr16l784TxEnableDly2         008036c8 _atoi
008057c9 _m_nXr16l784TxEnableDly3         008036fc _atol
008057d3 _m_nXr16l784TxEnableDly4         00803707 _ecvt
008057b1 _m_nXr16l784TxFront1             00803784 _fcvt
008057bb _m_nXr16l784TxFront2             00803806 _ltoa
008057c5 _m_nXr16l784TxFront3             00803831 _memccpy
008057cf _m_nXr16l784TxFront4             00803896 _minit
008057ad _m_nXr16l784TxLen1               0080389d _malloc
008057ae _m_nXr16l784TxLen1Temp           008038d4 _calloc
008057b8 _m_nXr16l784TxLen2Temp           008038ed _realloc
008057b7 _m_nXr16l784TxLen2               0080395a _free
008057c2 _m_nXr16l784TxLen3Temp           008039be _bmalloc
008057c1 _m_nXr16l784TxLen3               00803a10 _strncat
008057cc _m_nXr16l784TxLen4Temp           00803a29 MPY_I30
008057cb _m_nXr16l784TxLen4               00803a37 MPY_LD
008057af _m_nXr16l784TxPos1               00803a46 etext
008057b9 _m_nXr16l784TxPos2               00803a46 ___etext__
008057c3 _m_nXr16l784TxPos3               00803a46 ___cinit__
008057cd _m_nXr16l784TxPos4               00803a46 cinit
008057b0 _m_nXr16l784TxRear1              00804a9e __stack
008057ba _m_nXr16l784TxRear2              0080579e .bss
008057c4 _m_nXr16l784TxRear3              0080579e ___bss__
008057ce _m_nXr16l784TxRear4              0080579e __glDebugData
008057b6 _m_nXr16l784TxStartEnableDly1    0080579f __glDebugAddr
008057c0 _m_nXr16l784TxStartEnableDly2    008057ac _m_ucXr16l784TxBuf1
008057ca _m_nXr16l784TxStartEnableDly3    008057ad _m_nXr16l784TxLen1
008057d4 _m_nXr16l784TxStartEnableDly4    008057ae _m_nXr16l784TxLen1Temp
00807000 _m_pBoardIdInfo                  008057af _m_nXr16l784TxPos1
00805de6 _m_ucXr16l784RxBuf1              008057b0 _m_nXr16l784TxRear1
00805e26 _m_ucXr16l784RxBuf2              008057b1 _m_nXr16l784TxFront1
00806026 _m_ucXr16l784RxBuf3              008057b2 _m_nXr16l784RxLen1
00806126 _m_ucXr16l784RxBuf4              008057b3 _m_nXr16l784RxRear1
008057ac _m_ucXr16l784TxBuf1              008057b4 _m_nXr16l784RxFront1
00805ade _m_ucXr16l784TxBuf2Temp          008057b5 _m_nXr16l784TxEnableDly1
008057d6 _m_ucXr16l784TxBuf2              008057b6 _m_nXr16l784TxStartEnableDly1
008059d6 _m_ucXr16l784TxBuf3              008057b7 _m_nXr16l784TxLen2
00805cde _m_ucXr16l784TxBuf3Temp          008057b8 _m_nXr16l784TxLen2Temp
00805dde _m_ucXr16l784TxBuf4Temp          008057b9 _m_nXr16l784TxPos2
00805ad6 _m_ucXr16l784TxBuf4              008057ba _m_nXr16l784TxRear2
008028d0 _main                            008057bb _m_nXr16l784TxFront2
0080389d _malloc                          008057bc _m_nXr16l784RxLen2
00803831 _memccpy                         008057bd _m_nXr16l784RxRear2
00802f40 _memcpy                          008057be _m_nXr16l784RxFront2
00802f5d _memset                          008057bf _m_nXr16l784TxEnableDly2
00803896 _minit                           008057c0 _m_nXr16l784TxStartEnableDly2
00807010 _nInt_01_Cnt                     008057c1 _m_nXr16l784TxLen3
00807011 _nInt_02_Cnt                     008057c2 _m_nXr16l784TxLen3Temp
008057d5 _pXr16Reg                        008057c3 _m_nXr16l784TxPos3
008038ed _realloc                         008057c4 _m_nXr16l784TxRear3
00802f6d _sprintf                         008057c5 _m_nXr16l784TxFront3
00802fae _strcat                          008057c6 _m_nXr16l784RxLen3
00802fbe _strcpy                          008057c7 _m_nXr16l784RxRear3
00802fcb _strlen                          008057c8 _m_nXr16l784RxFront3
00803a10 _strncat                         008057c9 _m_nXr16l784TxEnableDly3
00802fd8 _strncmp                         008057ca _m_nXr16l784TxStartEnableDly3
00802ff1 _strncpy                         008057cb _m_nXr16l784TxLen4
008028ad _user_1msLoop                    008057cc _m_nXr16l784TxLen4Temp
008028a5 _user_CarNoForCarKindToLon       008057cd _m_nXr16l784TxPos4
00801c71 _user_CncsRx                     008057ce _m_nXr16l784TxRear4
00801c7d _user_CncsTx                     008057cf _m_nXr16l784TxFront4
00801c60 _user_DebugPrint                 008057d0 _m_nXr16l784RxLen4
00801c54 _user_DebugRx                    008057d1 _m_nXr16l784RxRear4
008021c3 _user_FaultDataTx                008057d2 _m_nXr16l784RxFront4
00802299 _user_FtpEnd_CarNumFun           008057d3 _m_nXr16l784TxEnableDly4
00801898 _user_Init                       008057d4 _m_nXr16l784TxStartEnableDly4
00801c4d _user_IsSingleOrMarried          008057d5 _pXr16Reg
00801b99 _user_Lic2LicLoop                008057d6 _m_ucXr16l784TxBuf2
00801b8e _user_Loop                       008059d6 _m_ucXr16l784TxBuf3
00801c8d _user_PacRx                      00805ad6 _m_ucXr16l784TxBuf4
00801c99 _user_PacTx                      00805ade _m_ucXr16l784TxBuf2Temp
00801ad7 _user_Variable_Init              00805cde _m_ucXr16l784TxBuf3Temp
00801d0e _user_WithCncsRs232Loop          00805dde _m_ucXr16l784TxBuf4Temp
008022a7 _user_WithPacRs485Loop           00805de6 _m_ucXr16l784RxBuf1
0080300a _vsprintf                        00805e26 _m_ucXr16l784RxBuf2
008003da _xr16l784_1msLoop                00806026 _m_ucXr16l784RxBuf3
0080023b _xr16l784_GetRxBuffer1Ch         00806126 _m_ucXr16l784RxBuf4
00800287 _xr16l784_GetRxBuffer3Ch         00806bba _d_CI_Fault
008001df _xr16l784_GetRxBuffer            00806bbb _d_CI_Index
00800261 _xr16l784_GetRxBuffer2Ch         00806cec _d_MDSFaulgTestBuf
008002ad _xr16l784_GetRxBuffer4Ch         00806cf6 _m_Variable
0080006e _xr16l784_Init                   00806ffe _m_nDebug1msTimer
008002d3 _xr16l784_Isr                    00806fff _m_nDebugCnt
008003d4 _xr16l784_Loop                   00807000 _m_pBoardIdInfo
008000a1 _xr16l784_Rts                    00807010 _nInt_01_Cnt
008000be _xr16l784_RtsDelayStartSend      00807011 _nInt_02_Cnt
008000f5 _xr16l784_Send                   0080702f __cleanup_ptr
00803a46 cinit                            008070e7 __ctypes_
00800000 edata                            008072bf ___end__
008072bf end                              008072bf end
00803a46 etext                            ffffffff ___pinit__
ffffffff pinit                            ffffffff pinit

[198 symbols]
