******************************************************************************
TMS320C3x/4x COFF Linker                Version 5.11                   
******************************************************************************
>> Linked Mon Apr 16 19:12:11 2018

OUTPUT FILE NAME:   <main.out>
ENTRY POINT SYMBOL: "_c_int00"  address: 00803080


MEMORY CONFIGURATION

           name     origin    length      used    attributes    fill
         --------  --------  ---------  --------  ----------  --------
         FROM      00400000  000080000  00000400     RWIX      
         IRAM0     00800000  000008000  000073aa     RWIX      


SECTION ALLOCATION MAP

 output                                  attributes/
section   page    origin      length       input sections
--------  ----  ----------  ----------   ----------------
.text      0    00800000    00003c69     
                  00800000    00000001     start.obj (.text)
                  00800001    00000000     rts30.lib : mpyld.obj (.text)
                  00800001    00000000               : ctype.obj (.text)
                  00800001    0000006d     debug3x.obj (.text)
                  0080006e    000003f2     xr16l784.obj (.text)
                  00800460    0000007d     en29lv040.obj (.text)
                  008004dd    00000a41     LonInfo.obj (.text)
                  00800f1e    00000925     MpuDebug.obj (.text)
                  00801843    00001262     user.obj (.text)
                  00802aa5    000005d9     main.obj (.text)
                  0080307e    0000001b     rts30.lib : boot.obj (.text)
                  00803099    00000025               : divi.obj (.text)
                  008030be    00000033               : divu.obj (.text)
                  008030f1    00000022               : modi.obj (.text)
                  00803113    0000002a               : modu.obj (.text)
                  0080313d    00000026               : exit.obj (.text)
                  00803163    0000001d               : memcpy.obj (.text)
                  00803180    00000010               : memset.obj (.text)
                  00803190    00000041               : sprintf.obj (.text)
                  008031d1    00000010               : strcat.obj (.text)
                  008031e1    0000000d               : strcpy.obj (.text)
                  008031ee    0000000d               : strlen.obj (.text)
                  008031fb    00000019               : strncmp.obj (.text)
                  00803214    00000019               : strncpy.obj (.text)
                  0080322d    00000042               : vsprintf.obj (.text)
                  0080326f    0000067c               : _printfi.obj (.text)
                  008038eb    0000003f               : atoi.obj (.text)
                  0080392a    0000007d               : ecvt.obj (.text)
                  008039a7    00000082               : fcvt.obj (.text)
                  00803a29    0000002b               : ltoa.obj (.text)
                  00803a54    00000015               : memccpy.obj (.text)
                  00803a69    000001ca               : memory.obj (.text)
                  00803c33    00000019               : strncat.obj (.text)
                  00803c4c    0000000e               : mpyi.obj (.text)
                  00803c5a    0000000f               : mpyld.obj (.text:flt40)

.cinit     0    00803c69    00000448     
                  00803c69    0000000e     debug3x.obj (.cinit)
                  00803c77    00000097     xr16l784.obj (.cinit)
                  00803d0e    00000003     en29lv040.obj (.cinit)
                  00803d11    0000002b     LonInfo.obj (.cinit)
                  00803d3c    00000050     MpuDebug.obj (.cinit)
                  00803d8c    00000095     user.obj (.cinit)
                  00803e21    00000145     main.obj (.cinit)
                  00803f66    00000009     rts30.lib : exit.obj (.cinit)
                  00803f6f    00000003               : memcpy.obj (.cinit)
                  00803f72    00000004               : sprintf.obj (.cinit)
                  00803f76    00000003               : strncmp.obj (.cinit)
                  00803f79    00000003               : strncpy.obj (.cinit)
                  00803f7c    00000004               : vsprintf.obj (.cinit)
                  00803f80    0000000f               : _printfi.obj (.cinit)
                  00803f8f    00000003               : atoi.obj (.cinit)
                  00803f92    00000103               : ctype.obj (.cinit)
                  00804095    00000006               : ecvt.obj (.cinit)
                  0080409b    00000006               : fcvt.obj (.cinit)
                  008040a1    0000000c               : memory.obj (.cinit)
                  008040ad    00000003               : strncat.obj (.cinit)
                  008040b0    00000001     --HOLE-- [fill = 00000000]

.const     0    008040b1    00000b02     
                  008040b1    00000000     debug3x.obj (.const)
                  008040b1    00000000     rts30.lib : strncat.obj (.const)
                  008040b1    00000000               : memory.obj (.const)
                  008040b1    00000000               : fcvt.obj (.const)
                  008040b1    00000000               : ecvt.obj (.const)
                  008040b1    00000000               : atoi.obj (.const)
                  008040b1    00000000               : vsprintf.obj (.const)
                  008040b1    00000000               : strncpy.obj (.const)
                  008040b1    00000000               : strncmp.obj (.const)
                  008040b1    00000000               : sprintf.obj (.const)
                  008040b1    00000000               : memcpy.obj (.const)
                  008040b1    00000000               : exit.obj (.const)
                  008040b1    00000000     en29lv040.obj (.const)
                  008040b1    00000000     xr16l784.obj (.const)
                  008040b1    000000cd     LonInfo.obj (.const)
                  0080417e    000008ed     MpuDebug.obj (.const)
                  00804a6b    000000cf     user.obj (.const)
                  00804b3a    0000004f     main.obj (.const)
                  00804b89    0000002a     rts30.lib : _printfi.obj (.const)

.data      0    00800000    00000000     UNINITIALIZED
                  00800000    00000000     start.obj (.data)
                  00800000    00000000     rts30.lib : mpyld.obj (.data)
                  00800000    00000000               : mpyi.obj (.data)
                  00800000    00000000               : strncat.obj (.data)
                  00800000    00000000               : memory.obj (.data)
                  00800000    00000000               : memccpy.obj (.data)
                  00800000    00000000               : ltoa.obj (.data)
                  00800000    00000000               : fcvt.obj (.data)
                  00800000    00000000               : ecvt.obj (.data)
                  00800000    00000000               : ctype.obj (.data)
                  00800000    00000000               : atoi.obj (.data)
                  00800000    00000000               : _printfi.obj (.data)
                  00800000    00000000               : vsprintf.obj (.data)
                  00800000    00000000               : strncpy.obj (.data)
                  00800000    00000000               : strncmp.obj (.data)
                  00800000    00000000               : strlen.obj (.data)
                  00800000    00000000               : strcpy.obj (.data)
                  00800000    00000000               : strcat.obj (.data)
                  00800000    00000000               : sprintf.obj (.data)
                  00800000    00000000               : memset.obj (.data)
                  00800000    00000000               : memcpy.obj (.data)
                  00800000    00000000               : exit.obj (.data)
                  00800000    00000000               : modu.obj (.data)
                  00800000    00000000               : modi.obj (.data)
                  00800000    00000000               : divu.obj (.data)
                  00800000    00000000               : divi.obj (.data)
                  00800000    00000000               : boot.obj (.data)
                  00800000    00000000     main.obj (.data)
                  00800000    00000000     user.obj (.data)
                  00800000    00000000     MpuDebug.obj (.data)
                  00800000    00000000     LonInfo.obj (.data)
                  00800000    00000000     en29lv040.obj (.data)
                  00800000    00000000     xr16l784.obj (.data)
                  00800000    00000000     debug3x.obj (.data)

.stack     0    00804bb3    00000d00     UNINITIALIZED
                  00804bb3    00000000     rts30.lib : boot.obj (.stack)

.bss       0    008058b3    00001af7     UNINITIALIZED
                  008058b3    00000000     start.obj (.bss)
                  008058b3    00000000     rts30.lib : mpyld.obj (.bss)
                  008058b3    00000000               : mpyi.obj (.bss)
                  008058b3    00000000               : memccpy.obj (.bss)
                  008058b3    00000000               : ltoa.obj (.bss)
                  008058b3    00000000               : strlen.obj (.bss)
                  008058b3    00000000               : strcpy.obj (.bss)
                  008058b3    00000000               : strcat.obj (.bss)
                  008058b3    00000000               : memset.obj (.bss)
                  008058b3    00000000               : modu.obj (.bss)
                  008058b3    00000000               : modi.obj (.bss)
                  008058b3    00000000               : divu.obj (.bss)
                  008058b3    00000000               : divi.obj (.bss)
                  008058b3    00000000               : boot.obj (.bss)
                  008058b3    0000000e     debug3x.obj (.bss)
                  008058c1    00000999     xr16l784.obj (.bss)
                  0080625a    00000001     en29lv040.obj (.bss)
                  0080625b    00000429     LonInfo.obj (.bss)
                  00806684    0000014a     MpuDebug.obj (.bss)
                  008067ce    00000818     user.obj (.bss)
                  00806fe6    00000133     main.obj (.bss)
                  00807119    00000023     rts30.lib : exit.obj (.bss)
                  0080713c    00000001               : memcpy.obj (.bss)
                  0080713d    00000003               : sprintf.obj (.bss)
                  00807140    00000001               : strncmp.obj (.bss)
                  00807141    00000001               : strncpy.obj (.bss)
                  00807142    00000002               : vsprintf.obj (.bss)
                  00807144    0000008d               : _printfi.obj (.bss)
                  008071d1    00000001               : atoi.obj (.bss)
                  008071d2    00000101               : ctype.obj (.bss)
                  008072d3    00000068               : ecvt.obj (.bss)
                  0080733b    00000068               : fcvt.obj (.bss)
                  008073a3    00000006               : memory.obj (.bss)
                  008073a9    00000001               : strncat.obj (.bss)

.sysmem    0    00400000    00000400     UNINITIALIZED
                  00400000    00000001     rts30.lib : memory.obj (.sysmem)


GLOBAL SYMBOLS

address  name                             address  name
-------- ----                             -------- ----
008058b3 .bss                             00000400 __SYSMEM_SIZE
00800000 .data                            00000d00 __STACK_SIZE
00800000 .text                            00400000 __sys_memory
0080314b C$$EXIT                          00800000 .data
00803099 DIV_I30                          00800000 .text
008030be DIV_U30                          00800000 ___text__
008030f1 MOD_I30                          00800000 ___edata__
00803113 MOD_U30                          00800000 edata
00803c4c MPY_I30                          00800000 ___data__
00803c5a MPY_LD                           00800001 _c_int06
00802b24 _BCD_BIN                         00800047 _Debug3xInit
00801bc7 _BitSwap                         0080006e _xr16l784_Init
00802116 _ClearFltBlkInfo                 008000a1 _xr16l784_Rts
00802bab _ConvAsc2Dec                     008000be _xr16l784_RtsDelayStartSend
00802b43 _ConvAsc2Hex                     008000f5 _xr16l784_Send
00802bdb _ConvDec2Hex                     008001df _xr16l784_GetRxBuffer
00802bc2 _ConvHex2Asc                     0080023b _xr16l784_GetRxBuffer1Ch
00800047 _Debug3xInit                     00800261 _xr16l784_GetRxBuffer2Ch
00800f1e _DebugLoop                       00800287 _xr16l784_GetRxBuffer3Ch
00801838 _Debug_1msLoop                   008002ad _xr16l784_GetRxBuffer4Ch
00802c1f _Dec2Str                         008002d3 _xr16l784_Isr
00802f94 _Delay                           008003d4 _xr16l784_Loop
00802b02 _DspInit                         008003da _xr16l784_1msLoop
00802d92 _FirmwareVersionStrCmp           00800460 _en29_Init
00802b67 _FunConvAscHex                   00800466 _en29_AllErase
00802bee _FunConvHexAsc                   0080048b _en29_SectorErase
00802a44 _GetDaysOfMonth                  008004b1 _en29_WriteByte
00802dae _GetFirmwareVersion              008004d0 _en29_ReadByte
00802149 _GetFltBlkInfo                   008004dd _LonWorkLoop
0080215a _GetFltBlkStPos                  008005fe _LonWorkRead
0080298d _GetLocalTimeToUTC               00800dce _LonWorkRx
00802e67 _IsBccOk                         00800e73 _LonWorkTx
00802a1f _IsLeapYear                      00800e8f _LonInfo_1msLoop
00802b9b _IsNumAsc                        00800f1e _DebugLoop
00800e8f _LonInfo_1msLoop                 00801838 _Debug_1msLoop
008004dd _LonWorkLoop                     00801843 _user_Init
008005fe _LonWorkRead                     00801aa0 _user_Variable_Init
00800dce _LonWorkRx                       00801b5a _user_Loop
00800e73 _LonWorkTx                       00801b65 _user_Lic2LicLoop
00802e32 _Make1ByteBcc                    00801b6b _user_IsSingleOrMarried
00802e49 _MakeBcc                         00801b72 _user_DebugRx
00802d24 _MyPrintf                        00801b7e _user_DebugPrint
00802d44 _MyPrintf_TxAuto                 00801b8f _user_CncsRx
00806bda _Rem_Lic_to_PAC_Cnt              00801b9b _user_CncsTx
00802135 _SetFltBlkEdInfo                 00801bab _user_PacRx
00802124 _SetFltBlkStPos                  00801bb7 _user_PacTx
00802ccc _StrCat                          00801bc7 _BitSwap
00802d07 _StrCmp                          00801c2c _user_WithCncsRs232Loop
00802cf4 _StrCpy                          00802116 _ClearFltBlkInfo
00802ce4 _StrLen                          00802124 _SetFltBlkStPos
008025b5 _USer_UnitState                  00802135 _SetFltBlkEdInfo
00000d00 __STACK_SIZE                     00802149 _GetFltBlkInfo
00000400 __SYSMEM_SIZE                    0080215a _GetFltBlkStPos
008058b3 ___bss__                         0080216e _user_FaultDataTx
00803c69 ___cinit__                       00802264 _user_FtpEnd_CarNumFun
00800000 ___data__                        00802272 _user_WithPacRs485Loop
00800000 ___edata__                       008025b5 _USer_UnitState
008073aa ___end__                         0080298d _GetLocalTimeToUTC
00803c69 ___etext__                       00802a1f _IsLeapYear
ffffffff ___pinit__                       00802a44 _GetDaysOfMonth
00800000 ___text__                        00802a76 _user_CarNoForCarKindToLon
0080711a __cleanup_ptr                    00802a7e _user_1msLoop
008071d2 __ctypes_                        00802aa5 _main
008058b4 __glDebugAddr                    00802b02 _DspInit
008058b3 __glDebugData                    00802b24 _BCD_BIN
0080326f __printfi                        00802b43 _ConvAsc2Hex
00804bb3 __stack                          00802b67 _FunConvAscHex
00400000 __sys_memory                     00802b9b _IsNumAsc
00803162 _abort                           00802bab _ConvAsc2Dec
0080314d _atexit                          00802bc2 _ConvHex2Asc
008038eb _atoi                            00802bdb _ConvDec2Hex
0080391f _atol                            00802bee _FunConvHexAsc
00803be1 _bmalloc                         00802c1f _Dec2Str
00803080 _c_int00                         00802ccc _StrCat
00802faa _c_int02                         00802ce4 _StrLen
00802fe7 _c_int03                         00802cf4 _StrCpy
00800001 _c_int06                         00802d07 _StrCmp
00803024 _c_int10                         00802d24 _MyPrintf
00803af7 _calloc                          00802d44 _MyPrintf_TxAuto
00802e9e _crc16_ccitt                     00802d92 _FirmwareVersionStrCmp
00806660 _d_BufChack                      00802dae _GetFirmwareVersion
0080625c _d_CIShiftFlag                   00802e32 _Make1ByteBcc
00806bd2 _d_CI_Fault                      00802e49 _MakeBcc
00806bd3 _d_CI_Index                      00802e67 _IsBccOk
00806bd6 _d_CarConfig_St                  00802e9e _crc16_ccitt
00806bd5 _d_CarConfig                     00802ebc _gm_SysTimeToRtc
00806bd4 _d_CarNum                        00802f94 _Delay
00806dd3 _d_Cncs_commCnt1                 00802faa _c_int02
00806dd4 _d_Cncs_commCnt2                 00802fe7 _c_int03
00806dd5 _d_Cncs_commCnt3                 00803024 _c_int10
00806dd6 _d_Cncs_commCnt4                 00803080 _c_int00
00806dd7 _d_Cncs_commCnt5                 00803099 DIV_I30
00806f8e _d_DataBuf                       008030be DIV_U30
00806e05 _d_ErrorBuf                      008030f1 MOD_I30
00806bd8 _d_Linc_to_PAC                   00803113 MOD_U30
00806dd9 _d_MDSFaulgTestBuf               0080313d _exit
00806dd1 _d_MDS_TX_Cnt_A                  0080314b C$$EXIT
00806dd2 _d_MDS_TX_Cnt_B                  0080314d _atexit
008067ce _d_MDS_info                      00803162 _abort
0080625b _d_MDSinputData                  00803163 _memcpy
00806dd8 _ddd_timeCnt                     00803180 _memset
00806bd7 _ddddd                           00803190 _sprintf
0080392a _ecvt                            008031d1 _strcat
00800466 _en29_AllErase                   008031e1 _strcpy
00800460 _en29_Init                       008031ee _strlen
008004d0 _en29_ReadByte                   008031fb _strncmp
0080048b _en29_SectorErase                00803214 _strncpy
008004b1 _en29_WriteByte                  0080322d _vsprintf
0080313d _exit                            0080326f __printfi
008039a7 _fcvt                            008038eb _atoi
00803b7d _free                            0080391f _atol
00802ebc _gm_SysTimeToRtc                 0080392a _ecvt
00803a29 _ltoa                            008039a7 _fcvt
00806bd9 _m_Lic_to_PAC_Cnt                00803a29 _ltoa
00806ded _m_MDS_ErrCnt                    00803a54 _memccpy
00806e1e _m_Variable                      00803ab9 _minit
008070e6 _m_nDebug1msTimer                00803ac0 _malloc
008070e7 _m_nDebugCnt                     00803af7 _calloc
008058c9 _m_nXr16l784RxFront1             00803b10 _realloc
008058d3 _m_nXr16l784RxFront2             00803b7d _free
008058dd _m_nXr16l784RxFront3             00803be1 _bmalloc
008058e7 _m_nXr16l784RxFront4             00803c33 _strncat
008058c7 _m_nXr16l784RxLen1               00803c4c MPY_I30
008058d1 _m_nXr16l784RxLen2               00803c5a MPY_LD
008058db _m_nXr16l784RxLen3               00803c69 ___cinit__
008058e5 _m_nXr16l784RxLen4               00803c69 etext
008058c8 _m_nXr16l784RxRear1              00803c69 ___etext__
008058d2 _m_nXr16l784RxRear2              00803c69 cinit
008058dc _m_nXr16l784RxRear3              00804bb3 __stack
008058e6 _m_nXr16l784RxRear4              008058b3 ___bss__
008058ca _m_nXr16l784TxEnableDly1         008058b3 __glDebugData
008058d4 _m_nXr16l784TxEnableDly2         008058b3 .bss
008058de _m_nXr16l784TxEnableDly3         008058b4 __glDebugAddr
008058e8 _m_nXr16l784TxEnableDly4         008058c1 _m_ucXr16l784TxBuf1
008058c6 _m_nXr16l784TxFront1             008058c2 _m_nXr16l784TxLen1
008058d0 _m_nXr16l784TxFront2             008058c3 _m_nXr16l784TxLen1Temp
008058da _m_nXr16l784TxFront3             008058c4 _m_nXr16l784TxPos1
008058e4 _m_nXr16l784TxFront4             008058c5 _m_nXr16l784TxRear1
008058c2 _m_nXr16l784TxLen1               008058c6 _m_nXr16l784TxFront1
008058c3 _m_nXr16l784TxLen1Temp           008058c7 _m_nXr16l784RxLen1
008058cd _m_nXr16l784TxLen2Temp           008058c8 _m_nXr16l784RxRear1
008058cc _m_nXr16l784TxLen2               008058c9 _m_nXr16l784RxFront1
008058d7 _m_nXr16l784TxLen3Temp           008058ca _m_nXr16l784TxEnableDly1
008058d6 _m_nXr16l784TxLen3               008058cb _m_nXr16l784TxStartEnableDly1
008058e1 _m_nXr16l784TxLen4Temp           008058cc _m_nXr16l784TxLen2
008058e0 _m_nXr16l784TxLen4               008058cd _m_nXr16l784TxLen2Temp
008058c4 _m_nXr16l784TxPos1               008058ce _m_nXr16l784TxPos2
008058ce _m_nXr16l784TxPos2               008058cf _m_nXr16l784TxRear2
008058d8 _m_nXr16l784TxPos3               008058d0 _m_nXr16l784TxFront2
008058e2 _m_nXr16l784TxPos4               008058d1 _m_nXr16l784RxLen2
008058c5 _m_nXr16l784TxRear1              008058d2 _m_nXr16l784RxRear2
008058cf _m_nXr16l784TxRear2              008058d3 _m_nXr16l784RxFront2
008058d9 _m_nXr16l784TxRear3              008058d4 _m_nXr16l784TxEnableDly2
008058e3 _m_nXr16l784TxRear4              008058d5 _m_nXr16l784TxStartEnableDly2
008058cb _m_nXr16l784TxStartEnableDly1    008058d6 _m_nXr16l784TxLen3
008058d5 _m_nXr16l784TxStartEnableDly2    008058d7 _m_nXr16l784TxLen3Temp
008058df _m_nXr16l784TxStartEnableDly3    008058d8 _m_nXr16l784TxPos3
008058e9 _m_nXr16l784TxStartEnableDly4    008058d9 _m_nXr16l784TxRear3
008070e8 _m_pBoardIdInfo                  008058da _m_nXr16l784TxFront3
00805efb _m_ucXr16l784RxBuf1              008058db _m_nXr16l784RxLen3
00805f3b _m_ucXr16l784RxBuf2              008058dc _m_nXr16l784RxRear3
0080613b _m_ucXr16l784RxBuf3              008058dd _m_nXr16l784RxFront3
0080623b _m_ucXr16l784RxBuf4              008058de _m_nXr16l784TxEnableDly3
008058c1 _m_ucXr16l784TxBuf1              008058df _m_nXr16l784TxStartEnableDly3
008058eb _m_ucXr16l784TxBuf2              008058e0 _m_nXr16l784TxLen4
00805bf3 _m_ucXr16l784TxBuf2Temp          008058e1 _m_nXr16l784TxLen4Temp
00805df3 _m_ucXr16l784TxBuf3Temp          008058e2 _m_nXr16l784TxPos4
00805aeb _m_ucXr16l784TxBuf3              008058e3 _m_nXr16l784TxRear4
00805ef3 _m_ucXr16l784TxBuf4Temp          008058e4 _m_nXr16l784TxFront4
00805beb _m_ucXr16l784TxBuf4              008058e5 _m_nXr16l784RxLen4
00802aa5 _main                            008058e6 _m_nXr16l784RxRear4
00803ac0 _malloc                          008058e7 _m_nXr16l784RxFront4
00803a54 _memccpy                         008058e8 _m_nXr16l784TxEnableDly4
00803163 _memcpy                          008058e9 _m_nXr16l784TxStartEnableDly4
00803180 _memset                          008058ea _pXr16Reg
00803ab9 _minit                           008058eb _m_ucXr16l784TxBuf2
008070f8 _nInt_01_Cnt                     00805aeb _m_ucXr16l784TxBuf3
008070f9 _nInt_02_Cnt                     00805beb _m_ucXr16l784TxBuf4
008058ea _pXr16Reg                        00805bf3 _m_ucXr16l784TxBuf2Temp
00803b10 _realloc                         00805df3 _m_ucXr16l784TxBuf3Temp
00803190 _sprintf                         00805ef3 _m_ucXr16l784TxBuf4Temp
008031d1 _strcat                          00805efb _m_ucXr16l784RxBuf1
008031e1 _strcpy                          00805f3b _m_ucXr16l784RxBuf2
008031ee _strlen                          0080613b _m_ucXr16l784RxBuf3
00803c33 _strncat                         0080623b _m_ucXr16l784RxBuf4
008031fb _strncmp                         0080625b _d_MDSinputData
00803214 _strncpy                         0080625c _d_CIShiftFlag
00802a7e _user_1msLoop                    00806660 _d_BufChack
00802a76 _user_CarNoForCarKindToLon       008067ce _d_MDS_info
00801b8f _user_CncsRx                     00806bd2 _d_CI_Fault
00801b9b _user_CncsTx                     00806bd3 _d_CI_Index
00801b7e _user_DebugPrint                 00806bd4 _d_CarNum
00801b72 _user_DebugRx                    00806bd5 _d_CarConfig
0080216e _user_FaultDataTx                00806bd6 _d_CarConfig_St
00802264 _user_FtpEnd_CarNumFun           00806bd7 _ddddd
00801843 _user_Init                       00806bd8 _d_Linc_to_PAC
00801b6b _user_IsSingleOrMarried          00806bd9 _m_Lic_to_PAC_Cnt
00801b65 _user_Lic2LicLoop                00806bda _Rem_Lic_to_PAC_Cnt
00801b5a _user_Loop                       00806dd1 _d_MDS_TX_Cnt_A
00801bab _user_PacRx                      00806dd2 _d_MDS_TX_Cnt_B
00801bb7 _user_PacTx                      00806dd3 _d_Cncs_commCnt1
00801aa0 _user_Variable_Init              00806dd4 _d_Cncs_commCnt2
00801c2c _user_WithCncsRs232Loop          00806dd5 _d_Cncs_commCnt3
00802272 _user_WithPacRs485Loop           00806dd6 _d_Cncs_commCnt4
0080322d _vsprintf                        00806dd7 _d_Cncs_commCnt5
008003da _xr16l784_1msLoop                00806dd8 _ddd_timeCnt
008001df _xr16l784_GetRxBuffer            00806dd9 _d_MDSFaulgTestBuf
0080023b _xr16l784_GetRxBuffer1Ch         00806ded _m_MDS_ErrCnt
00800261 _xr16l784_GetRxBuffer2Ch         00806e05 _d_ErrorBuf
00800287 _xr16l784_GetRxBuffer3Ch         00806e1e _m_Variable
008002ad _xr16l784_GetRxBuffer4Ch         00806f8e _d_DataBuf
0080006e _xr16l784_Init                   008070e6 _m_nDebug1msTimer
008002d3 _xr16l784_Isr                    008070e7 _m_nDebugCnt
008003d4 _xr16l784_Loop                   008070e8 _m_pBoardIdInfo
008000a1 _xr16l784_Rts                    008070f8 _nInt_01_Cnt
008000be _xr16l784_RtsDelayStartSend      008070f9 _nInt_02_Cnt
008000f5 _xr16l784_Send                   0080711a __cleanup_ptr
00803c69 cinit                            008071d2 __ctypes_
00800000 edata                            008073aa ___end__
008073aa end                              008073aa end
00803c69 etext                            ffffffff ___pinit__
ffffffff pinit                            ffffffff pinit

[222 symbols]
