V3 11
FL C:/Users/JDS_SSD/Desktop/JDS_PRO/DENVER/Program/LIC/CPLD/LIC-C3/decoder/blk_mem_gen_v6_1.vhd 2012/05/11.15:08:52 O.87xd
EN work/blk_mem_gen_v6_1 1337233089 \
      FL C:/Users/JDS_SSD/Desktop/JDS_PRO/DENVER/Program/LIC/CPLD/LIC-C3/decoder/blk_mem_gen_v6_1.vhd \
      PB ieee/std_logic_1164 1325952872
AR work/blk_mem_gen_v6_1/blk_mem_gen_v6_1_a 1337233090 \
      FL C:/Users/JDS_SSD/Desktop/JDS_PRO/DENVER/Program/LIC/CPLD/LIC-C3/decoder/blk_mem_gen_v6_1.vhd \
      EN work/blk_mem_gen_v6_1 1337233089
FL C:/Users/JDS_SSD/Desktop/JDS_PRO/DENVER/Program/LIC/CPLD/LIC-C3/decoder/main.vhd 2012/05/14.17:54:48 O.87xd
EN work/main 1337233091 \
      FL C:/Users/JDS_SSD/Desktop/JDS_PRO/DENVER/Program/LIC/CPLD/LIC-C3/decoder/main.vhd \
      PB ieee/std_logic_1164 1325952872 PB ieee/std_logic_arith 1325952873 \
      PB ieee/STD_LOGIC_UNSIGNED 1325952875
AR work/main/Behavioral 1337233092 \
      FL C:/Users/JDS_SSD/Desktop/JDS_PRO/DENVER/Program/LIC/CPLD/LIC-C3/decoder/main.vhd \
      EN work/main 1337233091 CP blk_mem_gen_v6_1
FL C:/Xilinx/JDS_CPLD/decoder/blk_mem_gen_v6_1.vhd 2012/05/03.10:35:40 O.87xd
FL C:/Xilinx/JDS_CPLD/decoder/main.vhd 2012/05/10.09:18:25 O.87xd
FL D:/_CPLD/LIC-C3/decoder/blk_mem_gen_v6_1.vhd 2012/05/11.15:08:51 O.87xd
FL D:/_CPLD/LIC-C3/decoder/main.vhd 2012/05/14.15:21:10 O.87xd
